[C:/Мої Web Сайти/Technomarket/backblue.gif]
[C:/Мої Web Сайти/Technomarket/fade.gif]
[C:/Мої Web Сайти/Technomarket/index.html]
[C:/Мої Web Сайти/Technomarket/pear.com.ua/feed/index.html]
[C:/Мої Web Сайти/Technomarket/pear.com.ua/comments/feed/index.html]
[C:/Мої Web Сайти/Technomarket/pear.com.ua/wp-includes/js/jquery/jquery.min5aed.js]
[C:/Мої Web Сайти/Technomarket/pear.com.ua/wp-includes/js/jquery/jquery-migrate.min6b00.js]
[C:/Мої Web Сайти/Technomarket/pear.com.ua/wp-json/index.html]
[C:/Мої Web Сайти/Technomarket/pear.com.ua/wp-json/wp/v2/pages/7.json]
[C:/Мої Web Сайти/Technomarket/pear.com.ua/xmlrpc0db0.php]
[C:/Мої Web Сайти/Technomarket/pear.com.ua/wp-includes/wlwmanifest.xml]
[C:/Мої Web Сайти/Technomarket/pear.com.ua/wp-json/oembed/1.0/embedffff.json]
[C:/Мої Web Сайти/Technomarket/pear.com.ua/wp-json/oembed/1.0/embed73e6]
[C:/Мої Web Сайти/Technomarket/pear.com.ua/wp-content/plugins/wp-lightbox-2/js/dist/wp-lightbox-2.min1894.js]
[C:/Мої Web Сайти/Technomarket/pear.com.ua/wp-content/themes/university-hub/js/navigation.mine1af.js]
[C:/Мої Web Сайти/Technomarket/pear.com.ua/wp-content/themes/university-hub/js/skip-link-focus-fix.min08e0.js]
[C:/Мої Web Сайти/Technomarket/pear.com.ua/wp-content/themes/university-hub/third-party/cycle2/js/jquery.cycle2.min784e.js]
[C:/Мої Web Сайти/Technomarket/pear.com.ua/wp-content/themes/university-hub/third-party/ticker/jquery.easy-ticker.mind5f7.js]
[C:/Мої Web Сайти/Technomarket/pear.com.ua/wp-content/themes/university-hub/js/custom.min20b9.js]
[C:/Мої Web Сайти/Technomarket/pear.com.ua/index.html]
[C:/Мої Web Сайти/Technomarket/pear.com.ua/xmlrpc.php]
[C:/Мої Web Сайти/Technomarket/pear.com.ua/wp-includes/css/dist/block-library/style.min3781.css]
[C:/Мої Web Сайти/Technomarket/pear.com.ua/wp-includes/css/classic-themes.min3781.css]
[C:/Мої Web Сайти/Technomarket/pear.com.ua/wp-content/plugins/menu-image/includes/css/menu-image6173.css]
[C:/Мої Web Сайти/Technomarket/pear.com.ua/wp-includes/fonts/dashicons7d4b.eot]
[C:/Мої Web Сайти/Technomarket/pear.com.ua/wp-includes/fonts/dashicons7d4b.ttf]
[C:/Мої Web Сайти/Technomarket/pear.com.ua/wp-includes/css/dashicons.min3781.css]
[C:/Мої Web Сайти/Technomarket/pear.com.ua/wp-content/plugins/siteorigin-panels/css/front-flex.min4185.css]
[C:/Мої Web Сайти/Technomarket/pear.com.ua/wp-content/plugins/wp-lightbox-2/styles/images/loading.gif]
[C:/Мої Web Сайти/Technomarket/pear.com.ua/wp-content/plugins/wp-lightbox-2/styles/images/closelabel.gif]
[C:/Мої Web Сайти/Technomarket/pear.com.ua/wp-content/plugins/wp-lightbox-2/styles/images/blank.gif]
[C:/Мої Web Сайти/Technomarket/pear.com.ua/wp-content/plugins/wp-lightbox-2/styles/images/prev.gif]
[C:/Мої Web Сайти/Technomarket/pear.com.ua/wp-content/plugins/wp-lightbox-2/styles/images/next.gif]
[C:/Мої Web Сайти/Technomarket/pear.com.ua/wp-content/plugins/wp-lightbox-2/styles/lightbox.minc412.css]
[C:/Мої Web Сайти/Technomarket/pear.com.ua/wp-content/themes/university-hub/third-party/font-awesome/fonts/fontawesome-webfont3e6e.eot]
[C:/Мої Web Сайти/Technomarket/pear.com.ua/wp-content/themes/university-hub/third-party/font-awesome/fonts/fontawesome-webfontd41d.eot]
[C:/Мої Web Сайти/Technomarket/pear.com.ua/wp-content/themes/university-hub/third-party/font-awesome/fonts/fontawesome-webfont3e6e.woff2]
[C:/Мої Web Сайти/Technomarket/pear.com.ua/wp-content/themes/university-hub/third-party/font-awesome/fonts/fontawesome-webfont3e6e.woff]
[C:/Мої Web Сайти/Technomarket/pear.com.ua/wp-content/themes/university-hub/third-party/font-awesome/fonts/fontawesome-webfont3e6e.ttf]
[C:/Мої Web Сайти/Technomarket/pear.com.ua/wp-content/themes/university-hub/third-party/font-awesome/css/font-awesome.min1849.css]
[C:/Мої Web Сайти/Technomarket/pear.com.ua/wp-content/fonts/roboto/KFOjCnqEu92Fr1Mu51TjASc3CsTKlA.woff2]
[C:/Мої Web Сайти/Technomarket/pear.com.ua/wp-content/fonts/roboto/KFOjCnqEu92Fr1Mu51TjASc-CsTKlA.woff2]
[C:/Мої Web Сайти/Technomarket/pear.com.ua/wp-content/fonts/roboto/KFOjCnqEu92Fr1Mu51TjASc2CsTKlA.woff2]
[C:/Мої Web Сайти/Technomarket/pear.com.ua/wp-content/fonts/roboto/KFOjCnqEu92Fr1Mu51TjASc5CsTKlA.woff2]
[C:/Мої Web Сайти/Technomarket/pear.com.ua/wp-content/fonts/roboto/KFOjCnqEu92Fr1Mu51TjASc1CsTKlA.woff2]
[C:/Мої Web Сайти/Technomarket/pear.com.ua/wp-content/fonts/roboto/KFOjCnqEu92Fr1Mu51TjASc0CsTKlA.woff2]
[C:/Мої Web Сайти/Technomarket/pear.com.ua/wp-content/fonts/roboto/KFOjCnqEu92Fr1Mu51TjASc6CsQ.woff2]
[C:/Мої Web Сайти/Technomarket/pear.com.ua/wp-content/fonts/roboto/KFOkCnqEu92Fr1Mu51xFIzIFKw.woff2]
[C:/Мої Web Сайти/Technomarket/pear.com.ua/wp-content/fonts/roboto/KFOkCnqEu92Fr1Mu51xMIzIFKw.woff2]
[C:/Мої Web Сайти/Technomarket/pear.com.ua/wp-content/fonts/roboto/KFOkCnqEu92Fr1Mu51xEIzIFKw.woff2]
[C:/Мої Web Сайти/Technomarket/pear.com.ua/wp-content/fonts/roboto/KFOkCnqEu92Fr1Mu51xLIzIFKw.woff2]
[C:/Мої Web Сайти/Technomarket/pear.com.ua/wp-content/fonts/roboto/KFOkCnqEu92Fr1Mu51xHIzIFKw.woff2]
[C:/Мої Web Сайти/Technomarket/pear.com.ua/wp-content/fonts/roboto/KFOkCnqEu92Fr1Mu51xGIzIFKw.woff2]
[C:/Мої Web Сайти/Technomarket/pear.com.ua/wp-content/fonts/roboto/KFOkCnqEu92Fr1Mu51xIIzI.woff2]
[C:/Мої Web Сайти/Technomarket/pear.com.ua/wp-content/fonts/roboto/KFOjCnqEu92Fr1Mu51S7ACc3CsTKlA.woff2]
[C:/Мої Web Сайти/Technomarket/pear.com.ua/wp-content/fonts/roboto/KFOjCnqEu92Fr1Mu51S7ACc-CsTKlA.woff2]
[C:/Мої Web Сайти/Technomarket/pear.com.ua/wp-content/fonts/roboto/KFOjCnqEu92Fr1Mu51S7ACc2CsTKlA.woff2]
[C:/Мої Web Сайти/Technomarket/pear.com.ua/wp-content/fonts/roboto/KFOjCnqEu92Fr1Mu51S7ACc5CsTKlA.woff2]
[C:/Мої Web Сайти/Technomarket/pear.com.ua/wp-content/fonts/roboto/KFOjCnqEu92Fr1Mu51S7ACc1CsTKlA.woff2]
[C:/Мої Web Сайти/Technomarket/pear.com.ua/wp-content/fonts/roboto/KFOjCnqEu92Fr1Mu51S7ACc0CsTKlA.woff2]
[C:/Мої Web Сайти/Technomarket/pear.com.ua/wp-content/fonts/roboto/KFOjCnqEu92Fr1Mu51S7ACc6CsQ.woff2]
[C:/Мої Web Сайти/Technomarket/pear.com.ua/wp-content/fonts/roboto/KFOjCnqEu92Fr1Mu51TzBic3CsTKlA.woff2]
[C:/Мої Web Сайти/Technomarket/pear.com.ua/wp-content/fonts/roboto/KFOjCnqEu92Fr1Mu51TzBic-CsTKlA.woff2]
[C:/Мої Web Сайти/Technomarket/pear.com.ua/wp-content/fonts/roboto/KFOjCnqEu92Fr1Mu51TzBic2CsTKlA.woff2]
[C:/Мої Web Сайти/Technomarket/pear.com.ua/wp-content/fonts/roboto/KFOjCnqEu92Fr1Mu51TzBic5CsTKlA.woff2]
[C:/Мої Web Сайти/Technomarket/pear.com.ua/wp-content/fonts/roboto/KFOjCnqEu92Fr1Mu51TzBic1CsTKlA.woff2]
[C:/Мої Web Сайти/Technomarket/pear.com.ua/wp-content/fonts/roboto/KFOjCnqEu92Fr1Mu51TzBic0CsTKlA.woff2]
[C:/Мої Web Сайти/Technomarket/pear.com.ua/wp-content/fonts/roboto/KFOjCnqEu92Fr1Mu51TzBic6CsQ.woff2]
[C:/Мої Web Сайти/Technomarket/pear.com.ua/wp-content/fonts/roboto/KFOjCnqEu92Fr1Mu51TLBCc3CsTKlA.woff2]
[C:/Мої Web Сайти/Technomarket/pear.com.ua/wp-content/fonts/roboto/KFOjCnqEu92Fr1Mu51TLBCc-CsTKlA.woff2]
[C:/Мої Web Сайти/Technomarket/pear.com.ua/wp-content/fonts/roboto/KFOjCnqEu92Fr1Mu51TLBCc2CsTKlA.woff2]
[C:/Мої Web Сайти/Technomarket/pear.com.ua/wp-content/fonts/roboto/KFOjCnqEu92Fr1Mu51TLBCc5CsTKlA.woff2]
[C:/Мої Web Сайти/Technomarket/pear.com.ua/wp-content/fonts/roboto/KFOjCnqEu92Fr1Mu51TLBCc1CsTKlA.woff2]
[C:/Мої Web Сайти/Technomarket/pear.com.ua/wp-content/fonts/roboto/KFOjCnqEu92Fr1Mu51TLBCc0CsTKlA.woff2]
[C:/Мої Web Сайти/Technomarket/pear.com.ua/wp-content/fonts/roboto/KFOjCnqEu92Fr1Mu51TLBCc6CsQ.woff2]
[C:/Мої Web Сайти/Technomarket/pear.com.ua/wp-content/fonts/roboto/KFOlCnqEu92Fr1MmSU5fCRc4EsA.woff2]
[C:/Мої Web Сайти/Technomarket/pear.com.ua/wp-content/fonts/roboto/KFOlCnqEu92Fr1MmSU5fABc4EsA.woff2]
[C:/Мої Web Сайти/Technomarket/pear.com.ua/wp-content/fonts/roboto/KFOlCnqEu92Fr1MmSU5fCBc4EsA.woff2]
[C:/Мої Web Сайти/Technomarket/pear.com.ua/wp-content/fonts/roboto/KFOlCnqEu92Fr1MmSU5fBxc4EsA.woff2]
[C:/Мої Web Сайти/Technomarket/pear.com.ua/wp-content/fonts/roboto/KFOlCnqEu92Fr1MmSU5fCxc4EsA.woff2]
[C:/Мої Web Сайти/Technomarket/pear.com.ua/wp-content/fonts/roboto/KFOlCnqEu92Fr1MmSU5fChc4EsA.woff2]
[C:/Мої Web Сайти/Technomarket/pear.com.ua/wp-content/fonts/roboto/KFOlCnqEu92Fr1MmSU5fBBc4.woff2]
[C:/Мої Web Сайти/Technomarket/pear.com.ua/wp-content/fonts/roboto/KFOmCnqEu92Fr1Mu72xKOzY.woff2]
[C:/Мої Web Сайти/Technomarket/pear.com.ua/wp-content/fonts/roboto/KFOmCnqEu92Fr1Mu5mxKOzY.woff2]
[C:/Мої Web Сайти/Technomarket/pear.com.ua/wp-content/fonts/roboto/KFOmCnqEu92Fr1Mu7mxKOzY.woff2]
[C:/Мої Web Сайти/Technomarket/pear.com.ua/wp-content/fonts/roboto/KFOmCnqEu92Fr1Mu4WxKOzY.woff2]
[C:/Мої Web Сайти/Technomarket/pear.com.ua/wp-content/fonts/roboto/KFOmCnqEu92Fr1Mu7WxKOzY.woff2]
[C:/Мої Web Сайти/Technomarket/pear.com.ua/wp-content/fonts/roboto/KFOmCnqEu92Fr1Mu7GxKOzY.woff2]
[C:/Мої Web Сайти/Technomarket/pear.com.ua/wp-content/fonts/roboto/KFOmCnqEu92Fr1Mu4mxK.woff2]
[C:/Мої Web Сайти/Technomarket/pear.com.ua/wp-content/fonts/roboto/KFOlCnqEu92Fr1MmEU9fCRc4EsA.woff2]
[C:/Мої Web Сайти/Technomarket/pear.com.ua/wp-content/fonts/roboto/KFOlCnqEu92Fr1MmEU9fABc4EsA.woff2]
[C:/Мої Web Сайти/Technomarket/pear.com.ua/wp-content/fonts/roboto/KFOlCnqEu92Fr1MmEU9fCBc4EsA.woff2]
[C:/Мої Web Сайти/Technomarket/pear.com.ua/wp-content/fonts/roboto/KFOlCnqEu92Fr1MmEU9fBxc4EsA.woff2]
[C:/Мої Web Сайти/Technomarket/pear.com.ua/wp-content/fonts/roboto/KFOlCnqEu92Fr1MmEU9fCxc4EsA.woff2]
[C:/Мої Web Сайти/Technomarket/pear.com.ua/wp-content/fonts/roboto/KFOlCnqEu92Fr1MmEU9fChc4EsA.woff2]
[C:/Мої Web Сайти/Technomarket/pear.com.ua/wp-content/fonts/roboto/KFOlCnqEu92Fr1MmEU9fBBc4.woff2]
[C:/Мої Web Сайти/Technomarket/pear.com.ua/wp-content/fonts/roboto/KFOlCnqEu92Fr1MmWUlfCRc4EsA.woff2]
[C:/Мої Web Сайти/Technomarket/pear.com.ua/wp-content/fonts/roboto/KFOlCnqEu92Fr1MmWUlfABc4EsA.woff2]
[C:/Мої Web Сайти/Technomarket/pear.com.ua/wp-content/fonts/roboto/KFOlCnqEu92Fr1MmWUlfCBc4EsA.woff2]
[C:/Мої Web Сайти/Technomarket/pear.com.ua/wp-content/fonts/roboto/KFOlCnqEu92Fr1MmWUlfBxc4EsA.woff2]
[C:/Мої Web Сайти/Technomarket/pear.com.ua/wp-content/fonts/roboto/KFOlCnqEu92Fr1MmWUlfCxc4EsA.woff2]
[C:/Мої Web Сайти/Technomarket/pear.com.ua/wp-content/fonts/roboto/KFOlCnqEu92Fr1MmWUlfChc4EsA.woff2]
[C:/Мої Web Сайти/Technomarket/pear.com.ua/wp-content/fonts/roboto/KFOlCnqEu92Fr1MmWUlfBBc4.woff2]
[C:/Мої Web Сайти/Technomarket/pear.com.ua/wp-content/fonts/roboto/KFOlCnqEu92Fr1MmYUtfCRc4EsA.woff2]
[C:/Мої Web Сайти/Technomarket/pear.com.ua/wp-content/fonts/roboto/KFOlCnqEu92Fr1MmYUtfABc4EsA.woff2]
[C:/Мої Web Сайти/Technomarket/pear.com.ua/wp-content/fonts/roboto/KFOlCnqEu92Fr1MmYUtfCBc4EsA.woff2]
[C:/Мої Web Сайти/Technomarket/pear.com.ua/wp-content/fonts/roboto/KFOlCnqEu92Fr1MmYUtfBxc4EsA.woff2]
[C:/Мої Web Сайти/Technomarket/pear.com.ua/wp-content/fonts/roboto/KFOlCnqEu92Fr1MmYUtfCxc4EsA.woff2]
[C:/Мої Web Сайти/Technomarket/pear.com.ua/wp-content/fonts/roboto/KFOlCnqEu92Fr1MmYUtfChc4EsA.woff2]
[C:/Мої Web Сайти/Technomarket/pear.com.ua/wp-content/fonts/roboto/KFOlCnqEu92Fr1MmYUtfBBc4.woff2]
[C:/Мої Web Сайти/Technomarket/pear.com.ua/wp-content/fonts/268efc23b48cfd7c58dd7eda7fc471c2.css]
[C:/Мої Web Сайти/Technomarket/pear.com.ua/wp-content/themes/university-hub/style8dac.css]
[C:/Мої Web Сайти/Technomarket/pear.com.ua/wp-content/themes/university-hub/css/blockse3d6.css]
[C:/Мої Web Сайти/Technomarket/pear.com.ua/wp-json/wp/v2/pages/42.json]
[C:/Мої Web Сайти/Technomarket/pear.com.ua/wp-json/oembed/1.0/embedccd1.json]
[C:/Мої Web Сайти/Technomarket/pear.com.ua/wp-json/oembed/1.0/embed30be]
[C:/Мої Web Сайти/Technomarket/pear.com.ua/wp-content/uploads/2023/03/canon-mf754.jpg]
[C:/Мої Web Сайти/Technomarket/pear.com.ua/wp-content/uploads/2023/03/canon-mf754-150x150.jpg]
[C:/Мої Web Сайти/Technomarket/pear.com.ua/wp-content/uploads/2023/03/epson15160.jpg]
[C:/Мої Web Сайти/Technomarket/pear.com.ua/wp-content/uploads/2023/03/epson15160-150x150.jpg]
[C:/Мої Web Сайти/Technomarket/pear.com.ua/wp-content/uploads/2023/03/hp-m428.jpg]
[C:/Мої Web Сайти/Technomarket/pear.com.ua/wp-content/uploads/2023/03/hp-m428-150x150.jpg]
[C:/Мої Web Сайти/Technomarket/pear.com.ua/wp-content/uploads/2023/03/pantum6550.jpg]
[C:/Мої Web Сайти/Technomarket/pear.com.ua/wp-content/uploads/2023/03/pantum6550-150x150.jpg]
[C:/Мої Web Сайти/Technomarket/pear.com.ua/services__trashed/bfp-print/index.html]
[C:/Мої Web Сайти/Technomarket/pear.com.ua/wp-json/wp/v2/pages/44.json]
[C:/Мої Web Сайти/Technomarket/pear.com.ua/wp-json/oembed/1.0/embedd7ee.json]
[C:/Мої Web Сайти/Technomarket/pear.com.ua/wp-json/oembed/1.0/embed29a6]
[C:/Мої Web Сайти/Technomarket/pear.com.ua/wp-content/uploads/2023/03/Gigaseta116.jpg]
[C:/Мої Web Сайти/Technomarket/pear.com.ua/wp-content/uploads/2023/03/Gigaseta116-150x150.jpg]
[C:/Мої Web Сайти/Technomarket/pear.com.ua/wp-content/uploads/2023/03/panasonic1711.jpg]
[C:/Мої Web Сайти/Technomarket/pear.com.ua/wp-content/uploads/2023/03/panasonic1711-150x150.jpg]
[C:/Мої Web Сайти/Technomarket/pear.com.ua/services__trashed/phone/index.html]
[C:/Мої Web Сайти/Technomarket/pear.com.ua/wp-json/wp/v2/pages/46.json]
[C:/Мої Web Сайти/Technomarket/pear.com.ua/wp-json/oembed/1.0/embed0e2a.json]
[C:/Мої Web Сайти/Technomarket/pear.com.ua/wp-json/oembed/1.0/embedce37]
[C:/Мої Web Сайти/Technomarket/pear.com.ua/wp-content/uploads/2023/03/725.jpg]
[C:/Мої Web Сайти/Technomarket/pear.com.ua/wp-content/uploads/2023/03/725-150x150.jpg]
[C:/Мої Web Сайти/Technomarket/pear.com.ua/wp-content/uploads/2023/03/hp-650.jpg]
[C:/Мої Web Сайти/Technomarket/pear.com.ua/wp-content/uploads/2023/03/hp-650-150x150.jpg]
[C:/Мої Web Сайти/Technomarket/pear.com.ua/services__trashed/consumables/index.html]
[C:/Мої Web Сайти/Technomarket/pear.com.ua/wp-json/wp/v2/pages/48.json]
[C:/Мої Web Сайти/Technomarket/pear.com.ua/wp-json/oembed/1.0/embed7529.json]
[C:/Мої Web Сайти/Technomarket/pear.com.ua/wp-json/oembed/1.0/embedb99f]
[C:/Мої Web Сайти/Technomarket/pear.com.ua/wp-content/uploads/2023/03/zapravka.jpg]
[C:/Мої Web Сайти/Technomarket/pear.com.ua/wp-content/uploads/2023/03/zapravka-150x150.jpg]
[C:/Мої Web Сайти/Technomarket/pear.com.ua/wp-content/uploads/2023/03/setupBFP.jpg]
[C:/Мої Web Сайти/Technomarket/pear.com.ua/wp-content/uploads/2023/03/setupBFP-150x150.jpg]
[C:/Мої Web Сайти/Technomarket/pear.com.ua/wp-content/uploads/2023/03/regen.jpg]
[C:/Мої Web Сайти/Technomarket/pear.com.ua/wp-content/uploads/2023/03/regen-150x150.jpg]
[C:/Мої Web Сайти/Technomarket/pear.com.ua/wp-content/uploads/2023/03/setupPanas.jpg]
[C:/Мої Web Сайти/Technomarket/pear.com.ua/services__trashed/poslugy/index.html]
[C:/Мої Web Сайти/Technomarket/pear.com.ua/wp-content/uploads/2023/03/setupPanas-150x150.jpg]
[C:/Мої Web Сайти/Technomarket/pear.com.ua/wp-json/wp/v2/categories/6.json]
[C:/Мої Web Сайти/Technomarket/pear.com.ua/category/blog/index.html]
[C:/Мої Web Сайти/Technomarket/pear.com.ua/category/blog/feed/index.html]
[C:/Мої Web Сайти/Technomarket/pear.com.ua/2023/05/index.html]
[C:/Мої Web Сайти/Technomarket/pear.com.ua/wp-content/themes/university-hub/third-party/font-awesome/fonts/fontawesome-webfont3e6e.svg]
[C:/Мої Web Сайти/Technomarket/pear.com.ua/indexfbd5.html]
[C:/Мої Web Сайти/Technomarket/pear.com.ua/indexd236.html]
[C:/Мої Web Сайти/Technomarket/pear.com.ua/index49b1.html]
[C:/Мої Web Сайти/Technomarket/pear.com.ua/index7ea6.html]
[C:/Мої Web Сайти/Technomarket/pear.com.ua/index94b0.html]
[C:/Мої Web Сайти/Technomarket/pear.com.ua/pravyla-bezpeky-pry-roboti-z-pk/feed/index.html]
[C:/Мої Web Сайти/Technomarket/pear.com.ua/wp-json/wp/v2/posts/93.json]
[C:/Мої Web Сайти/Technomarket/pear.com.ua/wp-json/oembed/1.0/embed61ba.json]
[C:/Мої Web Сайти/Technomarket/pear.com.ua/wp-json/oembed/1.0/embedadc2]
[C:/Мої Web Сайти/Technomarket/pear.com.ua/wp-content/uploads/2023/03/Pravyla-bezpeky-pry-roboti-z-PK.pdf]
[C:/Мої Web Сайти/Technomarket/pear.com.ua/wp-content/uploads/2023/03/pdf.png]
[C:/Мої Web Сайти/Technomarket/pear.com.ua/pravyla-bezpeky-pry-roboti-z-pk/index.html]
[C:/Мої Web Сайти/Technomarket/pear.com.ua/wp-includes/js/comment-reply.min3781.js]
[C:/Мої Web Сайти/Technomarket/pear.com.ua/wp-json/wp/v2/users/1.json]
[C:/Мої Web Сайти/Technomarket/pear.com.ua/author/admin/index.html]
[C:/Мої Web Сайти/Technomarket/pear.com.ua/author/admin/feed/index.html]
[C:/Мої Web Сайти/Technomarket/pear.com.ua/wp-json/wp/v2/categories/1.json]
[C:/Мої Web Сайти/Technomarket/pear.com.ua/category/без-категорії/index.html]
[C:/Мої Web Сайти/Technomarket/pear.com.ua/2023/index.html]
[C:/Мої Web Сайти/Technomarket/pear.com.ua/2023/05/25/index.html]
[C:/Мої Web Сайти/Technomarket/pear.com.ua/index36d4.html]
[C:/Мої Web Сайти/Technomarket/pear.com.ua/category/без-категорії/feed/index.html]
